// Jest Snapshot v1, https://goo.gl/fbAQLP

exports[`Accordion text editing Return default text value 1`] = `
<div
  class="accordion"
>
  <div
    class="accordion-heading"
  >
    <ForwardRef(RichTextWrapper)
      onChange={[Function]}
      placeholder="Title..."
      tagName="h4"
      value="Title that can be expanded"
    />
    <span
      class="accordion-icon"
    >
      -
    </span>
  </div>
  <div
    class="accordion-description accordion-open"
  >
    <ForwardRef(RichTextWrapper)
      onChange={[Function]}
      placeholder="Enter your description..."
      tagName="p"
      value="By creating an Account on our service, you agree to subscribe to newsletters, marketing or promotional materials and other information we may send. However, you may opt out of receiving any, or all, of these communications from us by following the unsubscribe link or instructions provided in any email we send."
    />
  </div>
</div>
`;
