// Jest Snapshot v1, https://goo.gl/fbAQLP

exports[`Accordions functions Shallow render single accordion 1`] = `
<div
  class="accordion"
>
  <div
    class="accordion-heading"
  >
    <h4
      aria-activedescendant={null}
      aria-label="Title..."
      aria-multiline={true}
      aria-owns={null}
      className="block-editor-rich-text__editable rich-text"
      contentEditable={true}
      onKeyDown={[Function]}
      role="textbox"
      suppressContentEditableWarning={true}
    />
    <span
      class="accordion-icon"
    >
      -
    </span>
  </div>
  <div
    class="accordion-description accordion-open"
  >
    <p
      aria-activedescendant={null}
      aria-label="Enter your description..."
      aria-multiline={true}
      aria-owns={null}
      className="block-editor-rich-text__editable rich-text"
      contentEditable={true}
      onKeyDown={[Function]}
      role="textbox"
      suppressContentEditableWarning={true}
    />
  </div>
</div>
`;

exports[`Accordions functions Shallow render single accordion 2`] = `
<div
  class="accordion"
>
  <div
    class="accordion-heading"
  >
    <h4
      aria-activedescendant={null}
      aria-label="Title..."
      aria-multiline={true}
      aria-owns={null}
      className="block-editor-rich-text__editable rich-text"
      contentEditable={true}
      onKeyDown={[Function]}
      role="textbox"
      suppressContentEditableWarning={true}
    />
    <span
      class="accordion-icon"
    >
      -
    </span>
  </div>
  <div
    class="accordion-description accordion-open"
  >
    <p
      aria-activedescendant={null}
      aria-label="Enter your description..."
      aria-multiline={true}
      aria-owns={null}
      className="block-editor-rich-text__editable rich-text"
      contentEditable={true}
      onKeyDown={[Function]}
      role="textbox"
      suppressContentEditableWarning={true}
    />
  </div>
</div>
`;
